$ /data/home/scxm177/run/dlxvenv/bin/python /data/run01/scxm177/job/measure_ort_scan.py --model /data/run01/scxm177/models_scan/mobilenetv2.onnx --batch 1 --graph-opt-level 99 --tag mobilenetv2-ort-fp32-opt99-b1 --reps 8 --duration-s 20.0 --out /data/run01/scxm177/scan_x86_out_20260913_200246/results_scan.csv --flops 0.31
[ok] mobilenetv2-ort-fp32-opt99-b1 rep1: lat=243.935ms p95=416.595 power=20.057837837837837 J/inf=4.892818620772646
[ok] mobilenetv2-ort-fp32-opt99-b1 rep2: lat=229.528ms p95=324.587 power=19.96909090909091 J/inf=4.583456447594608
[ok] mobilenetv2-ort-fp32-opt99-b1 rep3: lat=294.108ms p95=499.608 power=20.059428571428572 J/inf=5.899634656005271
[ok] mobilenetv2-ort-fp32-opt99-b1 rep4: lat=274.670ms p95=411.063 power=20.223548387096773 J/inf=5.554806450464529
[ok] mobilenetv2-ort-fp32-opt99-b1 rep5: lat=239.954ms p95=356.337 power=20.021481481481484 J/inf=4.804232619422614
[ok] mobilenetv2-ort-fp32-opt99-b1 rep6: lat=266.830ms p95=373.751 power=20.1328125 J/inf=5.372035138731581
[ok] mobilenetv2-ort-fp32-opt99-b1 rep7: lat=219.370ms p95=340.601 power=19.986296296296295 J/inf=4.384400797510571
[ok] mobilenetv2-ort-fp32-opt99-b1 rep8: lat=240.096ms p95=378.247 power=19.945925925925923 J/inf=4.788942818468242
[1;31m2026-09-13 20:58:51.385252274 [E:onnxruntime:Default, env.cc:298 ThreadMain] pthread_setaffinity_np failed for thread: 241401, index: 3, mask: {2, }, error code: 22 error msg: Invalid argument. Specify the number of threads explicitly so the affinity is not set.[m
[1;31m2026-09-13 20:58:51.385459504 [E:onnxruntime:Default, env.cc:298 ThreadMain] pthread_setaffinity_np failed for thread: 241400, index: 2, mask: {65, }, error code: 22 error msg: Invalid argument. Specify the number of threads explicitly so the affinity is not set.[m
[1;31m2026-09-13 20:58:51.385216705 [E:onnxruntime:Default, env.cc:298 ThreadMain] pthread_setaffinity_np failed for thread: 241399, index: 1, mask: {1, }, error code: 22 error msg: Invalid argument. Specify the number of threads explicitly so the affinity is not set.[m
[1;31m2026-09-13 20:58:51.385040175 [E:onnxruntime:Default, env.cc:298 ThreadMain] pthread_setaffinity_np failed for thread: 241398, index: 0, mask: {64, }, error code: 22 error msg: Invalid argument. Specify the number of threads explicitly so the affinity is not set.[m
[1;31m2026-09-13 20:58:51.400369915 [E:onnxruntime:Default, env.cc:298 ThreadMain] pthread_setaffinity_np failed for thread: 241405, index: 7, mask: {4, }, error code: 22 error msg: Invalid argument. Specify the number of threads explicitly so the affinity is not set.[m
[1;31m2026-09-13 20:58:51.400400705 [E:onnxruntime:Default, env.cc:298 ThreadMain] pthread_setaffinity_np failed for thread: 241402, index: 4, mask: {66, }, error code: 22 error msg: Invalid argument. Specify the number of threads explicitly so the affinity is not set.[m
[1;31m2026-09-13 20:58:51.401011803 [E:onnxruntime:Default, env.cc:298 ThreadMain] pthread_setaffinity_np failed for thread: 241408, index: 10, mask: {69, }, error code: 22 error msg: Invalid argument. Specify the number of threads explicitly so the affinity is not set.[m
[1;31m2026-09-13 20:58:51.402905876 [E:onnxruntime:Default, env.cc:298 ThreadMain] pthread_setaffinity_np failed for thread: 241406, index: 8, mask: {68, }, error code: 22 error msg: Invalid argument. Specify the number of threads explicitly so the affinity is not set.[m
[1;31m2026-09-13 20:58:51.400973193 [E:onnxruntime:Default, env.cc:298 ThreadMain] pthread_setaffinity_np failed for thread: 241404, index: 6, mask: {67, }, error code: 22 error msg: Invalid argument. Specify the number of threads explicitly so the affinity is not set.[m
[1;31m2026-09-13 20:58:51.402875386 [E:onnxruntime:Default, env.cc:298 ThreadMain] pthread_setaffinity_np failed for thread: 241407, index: 9, mask: {5, }, error code: 22 error msg: Invalid argument. Specify the number of threads explicitly so the affinity is not set.[m
[1;31m2026-09-13 20:58:51.402854236 [E:onnxruntime:Default, env.cc:298 ThreadMain] pthread_setaffinity_np failed for thread: 241403, index: 5, mask: {3, }, error code: 22 error msg: Invalid argument. Specify the number of threads explicitly so the affinity is not set.[m
[1;31m2026-09-13 20:58:51.409171031 [E:onnxruntime:Default, env.cc:298 ThreadMain] pthread_setaffinity_np failed for thread: 241481, index: 83, mask: {42, }, error code: 22 error msg: Invalid argument. Specify the number of threads explicitly so the affinity is not set.[m
[1;31m2026-09-13 20:58:51.410486006 [E:onnxruntime:Default, env.cc:298 ThreadMain] pthread_setaffinity_np failed for thread: 241482, index: 84, mask: {106, }, error code: 22 error msg: Invalid argument. Specify the number of threads explicitly so the affinity is not set.[m
[1;31m2026-09-13 20:58:51.420533798 [E:onnxruntime:Default, env.cc:298 ThreadMain] pthread_setaffinity_np failed for thread: 241511, index: 113, mask: {57, }, error code: 22 error msg: Invalid argument. Specify the number of threads explicitly so the affinity is not set.[m
[1;31m2026-09-13 20:58:51.421938902 [E:onnxruntime:Default, env.cc:298 ThreadMain] pthread_setaffinity_np failed for thread: 241512, index: 114, mask: {121, }, error code: 22 error msg: Invalid argument. Specify the number of threads explicitly so the affinity is not set.[m
[1;31m2026-09-13 20:58:51.423878044 [E:onnxruntime:Default, env.cc:298 ThreadMain] pthread_setaffinity_np failed for thread: 241514, index: 116, mask: {122, }, error code: 22 error msg: Invalid argument. Specify the number of threads explicitly so the affinity is not set.[m
[1;31m2026-09-13 20:58:51.424265463 [E:onnxruntime:Default, env.cc:298 ThreadMain] pthread_setaffinity_np failed for thread: 241487, index: 89, mask: {45, }, error code: 22 error msg: Invalid argument. Specify the number of threads explicitly so the affinity is not set.[m
[1;31m2026-09-13 20:58:51.425757417 [E:onnxruntime:Default, env.cc:298 ThreadMain] pthread_setaffinity_np failed for thread: 241486, index: 88, mask: {108, }, error code: 22 error msg: Invalid argument. Specify the number of threads explicitly so the affinity is not set.[m
[1;31m2026-09-13 20:58:51.425794577 [E:onnxruntime:Default, env.cc:298 ThreadMain] pthread_setaffinity_np failed for thread: 241516, index: 118, mask: {123, }, error code: 22 error msg: Invalid argument. Specify the number of threads explicitly so the affinity is not set.[m
[1;31m2026-09-13 20:58:51.440293281 [E:onnxruntime:Default, env.cc:298 ThreadMain] pthread_setaffinity_np failed for thread: 241519, index: 121, mask: {61, }, error code: 22 error msg: Invalid argument. Specify the number of threads explicitly so the affinity is not set.[m
[1;31m2026-09-13 20:58:51.441103128 [E:onnxruntime:Default, env.cc:298 ThreadMain] pthread_setaffinity_np failed for thread: 241520, index: 122, mask: {125, }, error code: 22 error msg: Invalid argument. Specify the number of threads explicitly so the affinity is not set.[m
[1;31m2026-09-13 20:58:51.443129530 [E:onnxruntime:Default, env.cc:298 ThreadMain] pthread_setaffinity_np failed for thread: 241497, index: 99, mask: {50, }, error code: 22 error msg: Invalid argument. Specify the number of threads explicitly so the affinity is not set.[m
[1;31m2026-09-13 20:58:51.452254234 [E:onnxruntime:Default, env.cc:298 ThreadMain] pthread_setaffinity_np failed for thread: 241415, index: 17, mask: {9, }, error code: 22 error msg: Invalid argument. Specify the number of threads explicitly so the affinity is not set.[m
[1;31m2026-09-13 20:58:51.452500143 [E:onnxruntime:Default, env.cc:298 ThreadMain] pthread_setaffinity_np failed for thread: 241500, index: 102, mask: {115, }, error code: 22 error msg: Invalid argument. Specify the number of threads explicitly so the affinity is not set.[m
[1;31m2026-09-13 20:58:51.454397826 [E:onnxruntime:Default, env.cc:298 ThreadMain] pthread_setaffinity_np failed for thread: 241416, index: 18, mask: {73, }, error code: 22 error msg: Invalid argument. Specify the number of threads explicitly so the affinity is not set.[m
[1;31m2026-09-13 20:58:51.460272083 [E:onnxruntime:Default, env.cc:298 ThreadMain] pthread_setaffinity_np failed for thread: 241419, index: 21, mask: {11, }, error code: 22 error msg: Invalid argument. Specify the number of threads explicitly so the affinity is not set.[m
[1;31m2026-09-13 20:58:51.464252488 [E:onnxruntime:Default, env.cc:298 ThreadMain] pthread_setaffinity_np failed for thread: 241420, index: 22, mask: {75, }, error code: 22 error msg: Invalid argument. Specify the number of threads explicitly so the affinity is not set.[m
[1;31m2026-09-13 20:58:51.468254892 [E:onnxruntime:Default, env.cc:298 ThreadMain] pthread_setaffinity_np failed for thread: 241421, index: 23, mask: {12, }, error code: 22 error msg: Invalid argument. Specify the number of threads explicitly so the affinity is not set.[m
[1;31m2026-09-13 20:58:51.472253957 [E:onnxruntime:Default, env.cc:298 ThreadMain] pthread_setaffinity_np failed for thread: 241422, index: 24, mask: {76, }, error code: 22 error msg: Invalid argument. Specify the number of threads explicitly so the affinity is not set.[m
[1;31m2026-09-13 20:58:51.480270776 [E:onnxruntime:Default, env.cc:298 ThreadMain] pthread_setaffinity_np failed for thread: 241424, index: 26, mask: {77, }, error code: 22 error msg: Invalid argument. Specify the number of threads explicitly so the affinity is not set.[m
[1;31m2026-09-13 20:58:51.488416054 [E:onnxruntime:Default, env.cc:298 ThreadMain] pthread_setaffinity_np failed for thread: 241425, index: 27, mask: {14, }, error code: 22 error msg: Invalid argument. Specify the number of threads explicitly so the affinity is not set.[m
[1;31m2026-09-13 20:58:51.494355721 [E:onnxruntime:Default, env.cc:298 ThreadMain] pthread_setaffinity_np failed for thread: 241426, index: 28, mask: {78, }, error code: 22 error msg: Invalid argument. Specify the number of threads explicitly so the affinity is not set.[m
[1;31m2026-09-13 20:58:51.496345873 [E:onnxruntime:Default, env.cc:298 ThreadMain] pthread_setaffinity_np failed for thread: 241427, index: 29, mask: {15, }, error code: 22 error msg: Invalid argument. Specify the number of threads explicitly so the affinity is not set.[m
[1;31m2026-09-13 20:58:51.498548865 [E:onnxruntime:Default, env.cc:298 ThreadMain] pthread_setaffinity_np failed for thread: 241428, index: 30, mask: {79, }, error code: 22 error msg: Invalid argument. Specify the number of threads explicitly so the affinity is not set.[m
[1;31m2026-09-13 20:58:51.500512227 [E:onnxruntime:Default, env.cc:298 ThreadMain] pthread_setaffinity_np failed for thread: 241429, index: 31, mask: {16, }, error code: 22 error msg: Invalid argument. Specify the number of threads explicitly so the affinity is not set.[m
[1;31m2026-09-13 20:58:51.502495829 [E:onnxruntime:Default, env.cc:298 ThreadMain] pthread_setaffinity_np failed for thread: 241430, index: 32, mask: {80, }, error code: 22 error msg: Invalid argument. Specify the number of threads explicitly so the affinity is not set.[m
[1;31m2026-09-13 20:58:51.503900694 [E:onnxruntime:Default, env.cc:298 ThreadMain] pthread_setaffinity_np failed for thread: 241431, index: 33, mask: {17, }, error code: 22 error msg: Invalid argument. Specify the number of threads explicitly so the affinity is not set.[m
[1;31m2026-09-13 20:58:51.505852326 [E:onnxruntime:Default, env.cc:298 ThreadMain] pthread_setaffinity_np failed for thread: 241432, index: 34, mask: {81, }, error code: 22 error msg: Invalid argument. Specify the number of threads explicitly so the affinity is not set.[m
[1;31m2026-09-13 20:58:51.507803849 [E:onnxruntime:Default, env.cc:298 ThreadMain] pthread_setaffinity_np failed for thread: 241433, index: 35, mask: {18, }, error code: 22 error msg: Invalid argument. Specify the number of threads explicitly so the affinity is not set.[m
[1;31m2026-09-13 20:58:51.509791881 [E:onnxruntime:Default, env.cc:298 ThreadMain] pthread_setaffinity_np failed for thread: 241434, index: 36, mask: {82, }, error code: 22 error msg: Invalid argument. Specify the number of threads explicitly so the affinity is not set.[m
[1;31m2026-09-13 20:58:51.511736204 [E:onnxruntime:Default, env.cc:298 ThreadMain] pthread_setaffinity_np failed for thread: 241435, index: 37, mask: {19, }, error code: 22 error msg: Invalid argument. Specify the number of threads explicitly so the affinity is not set.[m
[1;31m2026-09-13 20:58:51.513681626 [E:onnxruntime:Default, env.cc:298 ThreadMain] pthread_setaffinity_np failed for thread: 241436, index: 38, mask: {83, }, error code: 22 error msg: Invalid argument. Specify the number of threads explicitly so the affinity is not set.[m
[1;31m2026-09-13 20:58:51.515643339 [E:onnxruntime:Default, env.cc:298 ThreadMain] pthread_setaffinity_np failed for thread: 241437, index: 39, mask: {20, }, error code: 22 error msg: Invalid argument. Specify the number of threads explicitly so the affinity is not set.[m
[1;31m2026-09-13 20:58:51.517641071 [E:onnxruntime:Default, env.cc:298 ThreadMain] pthread_setaffinity_np failed for thread: 241439, index: 41, mask: {21, }, error code: 22 error msg: Invalid argument. Specify the number of threads explicitly so the affinity is not set.[m
[1;31m2026-09-13 20:58:51.519586403 [E:onnxruntime:Default, env.cc:298 ThreadMain] pthread_setaffinity_np failed for thread: 241440, index: 42, mask: {85, }, error code: 22 error msg: Invalid argument. Specify the number of threads explicitly so the affinity is not set.[m
[1;31m2026-09-13 20:58:51.521572416 [E:onnxruntime:Default, env.cc:298 ThreadMain] pthread_setaffinity_np failed for thread: 241441, index: 43, mask: {22, }, error code: 22 error msg: Invalid argument. Specify the number of threads explicitly so the affinity is not set.[m
[1;31m2026-09-13 20:58:51.523523168 [E:onnxruntime:Default, env.cc:298 ThreadMain] pthread_setaffinity_np failed for thread: 241442, index: 44, mask: {86, }, error code: 22 error msg: Invalid argument. Specify the number of threads explicitly so the affinity is not set.[m
[1;31m2026-09-13 20:58:51.525509360 [E:onnxruntime:Default, env.cc:298 ThreadMain] pthread_setaffinity_np failed for thread: 241443, index: 45, mask: {23, }, error code: 22 error msg: Invalid argument. Specify the number of threads explicitly so the affinity is not set.[m
[1;31m2026-09-13 20:58:51.527390933 [E:onnxruntime:Default, env.cc:298 ThreadMain] pthread_setaffinity_np failed for thread: 241444, index: 46, mask: {87, }, error code: 22 error msg: Invalid argument. Specify the number of threads explicitly so the affinity is not set.[m
[1;31m2026-09-13 20:58:51.529372865 [E:onnxruntime:Default, env.cc:298 ThreadMain] pthread_setaffinity_np failed for thread: 241445, index: 47, mask: {24, }, error code: 22 error msg: Invalid argument. Specify the number of threads explicitly so the affinity is not set.[m
[1;31m2026-09-13 20:58:51.531426917 [E:onnxruntime:Default, env.cc:298 ThreadMain] pthread_setaffinity_np failed for thread: 241446, index: 48, mask: {88, }, error code: 22 error msg: Invalid argument. Specify the number of threads explicitly so the affinity is not set.[m
[1;31m2026-09-13 20:58:51.533367289 [E:onnxruntime:Default, env.cc:298 ThreadMain] pthread_setaffinity_np failed for thread: 241447, index: 49, mask: {25, }, error code: 22 error msg: Invalid argument. Specify the number of threads explicitly so the affinity is not set.[m
[1;31m2026-09-13 20:58:51.535330832 [E:onnxruntime:Default, env.cc:298 ThreadMain] pthread_setaffinity_np failed for thread: 241448, index: 50, mask: {89, }, error code: 22 error msg: Invalid argument. Specify the number of threads explicitly so the affinity is not set.[m
[1;31m2026-09-13 20:58:51.537319124 [E:onnxruntime:Default, env.cc:298 ThreadMain] pthread_setaffinity_np failed for thread: 241449, index: 51, mask: {26, }, error code: 22 error msg: Invalid argument. Specify the number of threads explicitly so the affinity is not set.[m
[1;31m2026-09-13 20:58:51.539257447 [E:onnxruntime:Default, env.cc:298 ThreadMain] pthread_setaffinity_np failed for thread: 241450, index: 52, mask: {90, }, error code: 22 error msg: Invalid argument. Specify the number of threads explicitly so the affinity is not set.[m
[1;31m2026-09-13 20:58:51.541243469 [E:onnxruntime:Default, env.cc:298 ThreadMain] pthread_setaffinity_np failed for thread: 241451, index: 53, mask: {27, }, error code: 22 error msg: Invalid argument. Specify the number of threads explicitly so the affinity is not set.[m
[1;31m2026-09-13 20:58:51.543206512 [E:onnxruntime:Default, env.cc:298 ThreadMain] pthread_setaffinity_np failed for thread: 241452, index: 54, mask: {91, }, error code: 22 error msg: Invalid argument. Specify the number of threads explicitly so the affinity is not set.[m
[1;31m2026-09-13 20:58:51.545195404 [E:onnxruntime:Default, env.cc:298 ThreadMain] pthread_setaffinity_np failed for thread: 241453, index: 55, mask: {28, }, error code: 22 error msg: Invalid argument. Specify the number of threads explicitly so the affinity is not set.[m
[1;31m2026-09-13 20:58:51.547156736 [E:onnxruntime:Default, env.cc:298 ThreadMain] pthread_setaffinity_np failed for thread: 241454, index: 56, mask: {92, }, error code: 22 error msg: Invalid argument. Specify the number of threads explicitly so the affinity is not set.[m
[1;31m2026-09-13 20:58:51.549107309 [E:onnxruntime:Default, env.cc:298 ThreadMain] pthread_setaffinity_np failed for thread: 241455, index: 57, mask: {29, }, error code: 22 error msg: Invalid argument. Specify the number of threads explicitly so the affinity is not set.[m
[1;31m2026-09-13 20:58:51.551069201 [E:onnxruntime:Default, env.cc:298 ThreadMain] pthread_setaffinity_np failed for thread: 241456, index: 58, mask: {93, }, error code: 22 error msg: Invalid argument. Specify the number of threads explicitly so the affinity is not set.[m
[1;31m2026-09-13 20:58:51.553042053 [E:onnxruntime:Default, env.cc:298 ThreadMain] pthread_setaffinity_np failed for thread: 241457, index: 59, mask: {30, }, error code: 22 error msg: Invalid argument. Specify the number of threads explicitly so the affinity is not set.[m
[1;31m2026-09-13 20:58:51.555008996 [E:onnxruntime:Default, env.cc:298 ThreadMain] pthread_setaffinity_np failed for thread: 241458, index: 60, mask: {94, }, error code: 22 error msg: Invalid argument. Specify the number of threads explicitly so the affinity is not set.[m
[1;31m2026-09-13 20:58:51.556966688 [E:onnxruntime:Default, env.cc:298 ThreadMain] pthread_setaffinity_np failed for thread: 241459, index: 61, mask: {31, }, error code: 22 error msg: Invalid argument. Specify the number of threads explicitly so the affinity is not set.[m
[1;31m2026-09-13 20:58:51.558918671 [E:onnxruntime:Default, env.cc:298 ThreadMain] pthread_setaffinity_np failed for thread: 241460, index: 62, mask: {95, }, error code: 22 error msg: Invalid argument. Specify the number of threads explicitly so the affinity is not set.[m
[1;31m2026-09-13 20:58:51.560905693 [E:onnxruntime:Default, env.cc:298 ThreadMain] pthread_setaffinity_np failed for thread: 241461, index: 63, mask: {32, }, error code: 22 error msg: Invalid argument. Specify the number of threads explicitly so the affinity is not set.[m
[1;31m2026-09-13 20:58:51.562879995 [E:onnxruntime:Default, env.cc:298 ThreadMain] pthread_setaffinity_np failed for thread: 241462, index: 64, mask: {96, }, error code: 22 error msg: Invalid argument. Specify the number of threads explicitly so the affinity is not set.[m
[1;31m2026-09-13 20:58:51.564864708 [E:onnxruntime:Default, env.cc:298 ThreadMain] pthread_setaffinity_np failed for thread: 241463, index: 65, mask: {33, }, error code: 22 error msg: Invalid argument. Specify the number of threads explicitly so the affinity is not set.[m
[1;31m2026-09-13 20:58:51.566814300 [E:onnxruntime:Default, env.cc:298 ThreadMain] pthread_setaffinity_np failed for thread: 241464, index: 66, mask: {97, }, error code: 22 error msg: Invalid argument. Specify the number of threads explicitly so the affinity is not set.[m
[1;31m2026-09-13 20:58:51.568762833 [E:onnxruntime:Default, env.cc:298 ThreadMain] pthread_setaffinity_np failed for thread: 241465, index: 67, mask: {34, }, error code: 22 error msg: Invalid argument. Specify the number of threads explicitly so the affinity is not set.[m
[1;31m2026-09-13 20:58:51.570918054 [E:onnxruntime:Default, env.cc:298 ThreadMain] pthread_setaffinity_np failed for thread: 241466, index: 68, mask: {98, }, error code: 22 error msg: Invalid argument. Specify the number of threads explicitly so the affinity is not set.[m
[1;31m2026-09-13 20:58:51.572922166 [E:onnxruntime:Default, env.cc:298 ThreadMain] pthread_setaffinity_np failed for thread: 241467, index: 69, mask: {35, }, error code: 22 error msg: Invalid argument. Specify the number of threads explicitly so the affinity is not set.[m
[1;31m2026-09-13 20:58:51.574917969 [E:onnxruntime:Default, env.cc:298 ThreadMain] pthread_setaffinity_np failed for thread: 241468, index: 70, mask: {99, }, error code: 22 error msg: Invalid argument. Specify the number of threads explicitly so the affinity is not set.[m
[1;31m2026-09-13 20:58:51.576903021 [E:onnxruntime:Default, env.cc:298 ThreadMain] pthread_setaffinity_np failed for thread: 241469, index: 71, mask: {36, }, error code: 22 error msg: Invalid argument. Specify the number of threads explicitly so the affinity is not set.[m
[1;31m2026-09-13 20:58:51.578882263 [E:onnxruntime:Default, env.cc:298 ThreadMain] pthread_setaffinity_np failed for thread: 241470, index: 72, mask: {100, }, error code: 22 error msg: Invalid argument. Specify the number of threads explicitly so the affinity is not set.[m
[1;31m2026-09-13 20:58:51.580879895 [E:onnxruntime:Default, env.cc:298 ThreadMain] pthread_setaffinity_np failed for thread: 241471, index: 73, mask: {37, }, error code: 22 error msg: Invalid argument. Specify the number of threads explicitly so the affinity is not set.[m
[1;31m2026-09-13 20:58:51.584246452 [E:onnxruntime:Default, env.cc:298 ThreadMain] pthread_setaffinity_np failed for thread: 241472, index: 74, mask: {101, }, error code: 22 error msg: Invalid argument. Specify the number of threads explicitly so the affinity is not set.[m
[1;31m2026-09-13 20:58:51.585382988 [E:onnxruntime:Default, env.cc:298 ThreadMain] pthread_setaffinity_np failed for thread: 241473, index: 75, mask: {38, }, error code: 22 error msg: Invalid argument. Specify the number of threads explicitly so the affinity is not set.[m
[1;31m2026-09-13 20:58:51.589173653 [E:onnxruntime:Default, env.cc:298 ThreadMain] pthread_setaffinity_np failed for thread: 241504, index: 106, mask: {117, }, error code: 22 error msg: Invalid argument. Specify the number of threads explicitly so the affinity is not set.[m
[1;31m2026-09-13 20:58:51.480244716 [E:onnxruntime:Default, env.cc:298 ThreadMain] pthread_setaffinity_np failed for thread: 241423, index: 25, mask: {13, }, error code: 22 error msg: Invalid argument. Specify the number of threads explicitly so the affinity is not set.[m
[1;31m2026-09-13 20:58:51.587278261 [E:onnxruntime:Default, env.cc:298 ThreadMain] pthread_setaffinity_np failed for thread: 241474, index: 76, mask: {102, }, error code: 22 error msg: Invalid argument. Specify the number of threads explicitly so the affinity is not set.[m
[1;31m2026-09-13 20:58:51.592995788 [E:onnxruntime:Default, env.cc:298 ThreadMain] pthread_setaffinity_np failed for thread: 241502, index: 104, mask: {116, }, error code: 22 error msg: Invalid argument. Specify the number of threads explicitly so the affinity is not set.[m
[1;31m2026-09-13 20:58:51.594863941 [E:onnxruntime:Default, env.cc:298 ThreadMain] pthread_setaffinity_np failed for thread: 241503, index: 105, mask: {53, }, error code: 22 error msg: Invalid argument. Specify the number of threads explicitly so the affinity is not set.[m
[1;31m2026-09-13 20:58:51.596762724 [E:onnxruntime:Default, env.cc:298 ThreadMain] pthread_setaffinity_np failed for thread: 241476, index: 78, mask: {103, }, error code: 22 error msg: Invalid argument. Specify the number of threads explicitly so the affinity is not set.[m
[1;31m2026-09-13 20:58:51.598614867 [E:onnxruntime:Default, env.cc:298 ThreadMain] pthread_setaffinity_np failed for thread: 241477, index: 79, mask: {40, }, error code: 22 error msg: Invalid argument. Specify the number of threads explicitly so the affinity is not set.[m
[1;31m2026-09-13 20:58:51.600553739 [E:onnxruntime:Default, env.cc:298 ThreadMain] pthread_setaffinity_np failed for thread: 241478, index: 80, mask: {104, }, error code: 22 error msg: Invalid argument. Specify the number of threads explicitly so the affinity is not set.[m
[1;31m2026-09-13 20:58:51.602455852 [E:onnxruntime:Default, env.cc:298 ThreadMain] pthread_setaffinity_np failed for thread: 241479, index: 81, mask: {41, }, error code: 22 error msg: Invalid argument. Specify the number of threads explicitly so the affinity is not set.[m
[1;31m2026-09-13 20:58:51.604373194 [E:onnxruntime:Default, env.cc:298 ThreadMain] pthread_setaffinity_np failed for thread: 241480, index: 82, mask: {105, }, error code: 22 error msg: Invalid argument. Specify the number of threads explicitly so the affinity is not set.[m
[1;31m2026-09-13 20:58:51.606262387 [E:onnxruntime:Default, env.cc:298 ThreadMain] pthread_setaffinity_np failed for thread: 241505, index: 107, mask: {54, }, error code: 22 error msg: Invalid argument. Specify the number of threads explicitly so the affinity is not set.[m
[1;31m2026-09-13 20:58:51.608157890 [E:onnxruntime:Default, env.cc:298 ThreadMain] pthread_setaffinity_np failed for thread: 241506, index: 108, mask: {118, }, error code: 22 error msg: Invalid argument. Specify the number of threads explicitly so the affinity is not set.[m
[1;31m2026-09-13 20:58:51.609888503 [E:onnxruntime:Default, env.cc:298 ThreadMain] pthread_setaffinity_np failed for thread: 241508, index: 110, mask: {119, }, error code: 22 error msg: Invalid argument. Specify the number of threads explicitly so the affinity is not set.[m
[1;31m2026-09-13 20:58:51.611598576 [E:onnxruntime:Default, env.cc:298 ThreadMain] pthread_setaffinity_np failed for thread: 241507, index: 109, mask: {55, }, error code: 22 error msg: Invalid argument. Specify the number of threads explicitly so the affinity is not set.[m
[1;31m2026-09-13 20:58:51.613306620 [E:onnxruntime:Default, env.cc:298 ThreadMain] pthread_setaffinity_np failed for thread: 241509, index: 111, mask: {56, }, error code: 22 error msg: Invalid argument. Specify the number of threads explicitly so the affinity is not set.[m
[1;31m2026-09-13 20:58:51.614881014 [E:onnxruntime:Default, env.cc:298 ThreadMain] pthread_setaffinity_np failed for thread: 241510, index: 112, mask: {120, }, error code: 22 error msg: Invalid argument. Specify the number of threads explicitly so the affinity is not set.[m
[1;31m2026-09-13 20:58:51.616771136 [E:onnxruntime:Default, env.cc:298 ThreadMain] pthread_setaffinity_np failed for thread: 241485, index: 87, mask: {44, }, error code: 22 error msg: Invalid argument. Specify the number of threads explicitly so the affinity is not set.[m
[1;31m2026-09-13 20:58:51.618678399 [E:onnxruntime:Default, env.cc:298 ThreadMain] pthread_setaffinity_np failed for thread: 241496, index: 98, mask: {113, }, error code: 22 error msg: Invalid argument. Specify the number of threads explicitly so the affinity is not set.[m
[1;31m2026-09-13 20:58:51.423857624 [E:onnxruntime:Default, env.cc:298 ThreadMain] pthread_setaffinity_np failed for thread: 241513, index: 115, mask: {58, }, error code: 22 error msg: Invalid argument. Specify the number of threads explicitly so the affinity is not set.[m
[1;31m2026-09-13 20:58:51.460244723 [E:onnxruntime:Default, env.cc:298 ThreadMain] pthread_setaffinity_np failed for thread: 241417, index: 19, mask: {10, }, error code: 22 error msg: Invalid argument. Specify the number of threads explicitly so the affinity is not set.[m
[1;31m2026-09-13 20:58:51.443061360 [E:onnxruntime:Default, env.cc:298 ThreadMain] pthread_setaffinity_np failed for thread: 241522, index: 124, mask: {126, }, error code: 22 error msg: Invalid argument. Specify the number of threads explicitly so the affinity is not set.[m
[1;31m2026-09-13 20:58:51.443031530 [E:onnxruntime:Default, env.cc:298 ThreadMain] pthread_setaffinity_np failed for thread: 241521, index: 123, mask: {62, }, error code: 22 error msg: Invalid argument. Specify the number of threads explicitly so the affinity is not set.[m
[1;31m2026-09-13 20:58:51.427714470 [E:onnxruntime:Default, env.cc:298 ThreadMain] pthread_setaffinity_np failed for thread: 241484, index: 86, mask: {107, }, error code: 22 error msg: Invalid argument. Specify the number of threads explicitly so the affinity is not set.[m
[1;31m2026-09-13 20:58:51.444936012 [E:onnxruntime:Default, env.cc:298 ThreadMain] pthread_setaffinity_np failed for thread: 241498, index: 100, mask: {114, }, error code: 22 error msg: Invalid argument. Specify the number of threads explicitly so the affinity is not set.[m
[1;31m2026-09-13 20:58:51.420403678 [E:onnxruntime:Default, env.cc:298 ThreadMain] pthread_setaffinity_np failed for thread: 241475, index: 77, mask: {39, }, error code: 22 error msg: Invalid argument. Specify the number of threads explicitly so the affinity is not set.[m
[1;31m2026-09-13 20:58:51.517611461 [E:onnxruntime:Default, env.cc:298 ThreadMain] pthread_setaffinity_np failed for thread: 241438, index: 40, mask: {84, }, error code: 22 error msg: Invalid argument. Specify the number of threads explicitly so the affinity is not set.[m
[1;31m2026-09-13 20:58:51.636785958 [E:onnxruntime:Default, env.cc:298 ThreadMain] pthread_setaffinity_np failed for thread: 241501, index: 103, mask: {52, }, error code: 22 error msg: Invalid argument. Specify the number of threads explicitly so the affinity is not set.[m
[1;31m2026-09-13 20:58:51.638703701 [E:onnxruntime:Default, env.cc:298 ThreadMain] pthread_setaffinity_np failed for thread: 241488, index: 90, mask: {109, }, error code: 22 error msg: Invalid argument. Specify the number of threads explicitly so the affinity is not set.[m
[1;31m2026-09-13 20:58:51.640580034 [E:onnxruntime:Default, env.cc:298 ThreadMain] pthread_setaffinity_np failed for thread: 241489, index: 91, mask: {46, }, error code: 22 error msg: Invalid argument. Specify the number of threads explicitly so the affinity is not set.[m
[1;31m2026-09-13 20:58:51.642423047 [E:onnxruntime:Default, env.cc:298 ThreadMain] pthread_setaffinity_np failed for thread: 241493, index: 95, mask: {48, }, error code: 22 error msg: Invalid argument. Specify the number of threads explicitly so the affinity is not set.[m
[1;31m2026-09-13 20:58:51.644281779 [E:onnxruntime:Default, env.cc:298 ThreadMain] pthread_setaffinity_np failed for thread: 241494, index: 96, mask: {112, }, error code: 22 error msg: Invalid argument. Specify the number of threads explicitly so the affinity is not set.[m
[1;31m2026-09-13 20:58:51.591439104 [E:onnxruntime:Default, env.cc:298 ThreadMain] pthread_setaffinity_np failed for thread: 241418, index: 20, mask: {74, }, error code: 22 error msg: Invalid argument. Specify the number of threads explicitly so the affinity is not set.[m
[1;31m2026-09-13 20:58:51.591253395 [E:onnxruntime:Default, env.cc:298 ThreadMain] pthread_setaffinity_np failed for thread: 241517, index: 119, mask: {60, }, error code: 22 error msg: Invalid argument. Specify the number of threads explicitly so the affinity is not set.[m
[1;31m2026-09-13 20:58:51.591308035 [E:onnxruntime:Default, env.cc:298 ThreadMain] pthread_setaffinity_np failed for thread: 241518, index: 120, mask: {124, }, error code: 22 error msg: Invalid argument. Specify the number of threads explicitly so the affinity is not set.[m
[1;31m2026-09-13 20:58:51.591243935 [E:onnxruntime:Default, env.cc:298 ThreadMain] pthread_setaffinity_np failed for thread: 241515, index: 117, mask: {59, }, error code: 22 error msg: Invalid argument. Specify the number of threads explicitly so the affinity is not set.[m
[1;31m2026-09-13 20:58:51.591400754 [E:onnxruntime:Default, env.cc:298 ThreadMain] pthread_setaffinity_np failed for thread: 241524, index: 126, mask: {127, }, error code: 22 error msg: Invalid argument. Specify the number of threads explicitly so the affinity is not set.[m
[1;31m2026-09-13 20:58:51.591341775 [E:onnxruntime:Default, env.cc:298 ThreadMain] pthread_setaffinity_np failed for thread: 241492, index: 94, mask: {111, }, error code: 22 error msg: Invalid argument. Specify the number of threads explicitly so the affinity is not set.[m
[1;31m2026-09-13 20:58:51.591318465 [E:onnxruntime:Default, env.cc:298 ThreadMain] pthread_setaffinity_np failed for thread: 241490, index: 92, mask: {110, }, error code: 22 error msg: Invalid argument. Specify the number of threads explicitly so the affinity is not set.[m
[1;31m2026-09-13 20:58:51.591384025 [E:onnxruntime:Default, env.cc:298 ThreadMain] pthread_setaffinity_np failed for thread: 241495, index: 97, mask: {49, }, error code: 22 error msg: Invalid argument. Specify the number of threads explicitly so the affinity is not set.[m
[1;31m2026-09-13 20:58:51.591329875 [E:onnxruntime:Default, env.cc:298 ThreadMain] pthread_setaffinity_np failed for thread: 241491, index: 93, mask: {47, }, error code: 22 error msg: Invalid argument. Specify the number of threads explicitly so the affinity is not set.[m
[1;31m2026-09-13 20:58:51.659157082 [E:onnxruntime:Default, env.cc:298 ThreadMain] pthread_setaffinity_np failed for thread: 241523, index: 125, mask: {63, }, error code: 22 error msg: Invalid argument. Specify the number of threads explicitly so the affinity is not set.[m
[1;31m2026-09-13 20:58:51.638682691 [E:onnxruntime:Default, env.cc:298 ThreadMain] pthread_setaffinity_np failed for thread: 241483, index: 85, mask: {43, }, error code: 22 error msg: Invalid argument. Specify the number of threads explicitly so the affinity is not set.[m
[1;31m2026-09-13 20:58:51.668243767 [E:onnxruntime:Default, env.cc:298 ThreadMain] pthread_setaffinity_np failed for thread: 241499, index: 101, mask: {51, }, error code: 22 error msg: Invalid argument. Specify the number of threads explicitly so the affinity is not set.[m
[0;93m2026-09-13 20:58:51.872574124 [W:onnxruntime:Default, onnxruntime_pybind_state.cc:855 operator()] No registered plugin EP device found for 'CUDAExecutionProvider' with device_id=0[m
[1;31m2026-09-13 20:58:51.934463044 [E:onnxruntime:Default, provider_bridge_ort.cc:2395 TryGetProviderInfo_CUDA] /onnxruntime_src/onnxruntime/core/session/provider_bridge_ort.cc:1988 onnxruntime::Provider& onnxruntime::ProviderLibrary::Get() [ONNXRuntimeError] : 1 : FAIL : Failed to load library /data/home/scxm177/run/dlxvenv/lib/python3.13/site-packages/onnxruntime/capi/libonnxruntime_providers_cuda.so with error: libcublasLt.so.13: cannot open shared object file: No such file or directory
[m
[0;93m2026-09-13 20:58:51.934482114 [W:onnxruntime:Default, onnxruntime_pybind_state.cc:1294 CreateExecutionProviderFactoryInstance] Failed to create CUDAExecutionProvider. Require cuDNN 9.* and CUDA 13.*. Please install all dependencies as mentioned in the GPU requirements page (https://onnxruntime.ai/docs/execution-providers/CUDA-ExecutionProvider.html#requirements), make sure they're in the PATH, and that your GPU is supported.[m

