$ /data/home/scxm177/run/dlxvenv/bin/python /data/run01/scxm177/job/measure_ort_scan.py --model /data/run01/scxm177/models_scan/mobilenetv2.onnx --batch 1 --graph-opt-level 1 --tag mobilenetv2-ort-fp32-opt1-b1 --reps 8 --duration-s 20.0 --out /data/run01/scxm177/scan_x86_out_20260913_200246/results_scan.csv --flops 0.31
[ok] mobilenetv2-ort-fp32-opt1-b1 rep1: lat=1022.207ms p95=1254.764 power=19.788249999999998 J/inf=20.227688705582402
[ok] mobilenetv2-ort-fp32-opt1-b1 rep2: lat=982.710ms p95=1175.657 power=19.930769230769233 J/inf=19.586161368306144
[ok] mobilenetv2-ort-fp32-opt1-b1 rep3: lat=878.321ms p95=1154.373 power=19.71 J/inf=17.31170317348741
[ok] mobilenetv2-ort-fp32-opt1-b1 rep4: lat=914.793ms p95=1039.891 power=20.109166666666667 J/inf=18.39573189076763
[ok] mobilenetv2-ort-fp32-opt1-b1 rep5: lat=829.133ms p95=1086.704 power=19.891000000000002 J/inf=16.492276973009556
[ok] mobilenetv2-ort-fp32-opt1-b1 rep6: lat=916.913ms p95=1065.004 power=19.890625 J/inf=18.237977467522303
[ok] mobilenetv2-ort-fp32-opt1-b1 rep7: lat=869.170ms p95=1057.477 power=19.883947368421055 J/inf=17.282534466288425
[ok] mobilenetv2-ort-fp32-opt1-b1 rep8: lat=910.589ms p95=1130.732 power=19.689411764705884 J/inf=17.928970232576972
[1;31m2026-09-13 20:23:15.413131300 [E:onnxruntime:Default, env.cc:298 ThreadMain] pthread_setaffinity_np failed for thread: 231824, index: 2, mask: {65, }, error code: 22 error msg: Invalid argument. Specify the number of threads explicitly so the affinity is not set.[m
[1;31m2026-09-13 20:23:15.413230418 [E:onnxruntime:Default, env.cc:298 ThreadMain] pthread_setaffinity_np failed for thread: 231825, index: 3, mask: {2, }, error code: 22 error msg: Invalid argument. Specify the number of threads explicitly so the affinity is not set.[m
[1;31m2026-09-13 20:23:15.413351497 [E:onnxruntime:Default, env.cc:298 ThreadMain] pthread_setaffinity_np failed for thread: 231826, index: 4, mask: {66, }, error code: 22 error msg: Invalid argument. Specify the number of threads explicitly so the affinity is not set.[m
[1;31m2026-09-13 20:23:15.413615304 [E:onnxruntime:Default, env.cc:298 ThreadMain] pthread_setaffinity_np failed for thread: 231830, index: 8, mask: {68, }, error code: 22 error msg: Invalid argument. Specify the number of threads explicitly so the affinity is not set.[m
[1;31m2026-09-13 20:23:15.413196259 [E:onnxruntime:Default, env.cc:298 ThreadMain] pthread_setaffinity_np failed for thread: 231823, index: 1, mask: {1, }, error code: 22 error msg: Invalid argument. Specify the number of threads explicitly so the affinity is not set.[m
[1;31m2026-09-13 20:23:15.413115140 [E:onnxruntime:Default, env.cc:298 ThreadMain] pthread_setaffinity_np failed for thread: 231822, index: 0, mask: {64, }, error code: 22 error msg: Invalid argument. Specify the number of threads explicitly so the affinity is not set.[m
[1;31m2026-09-13 20:23:15.428314879 [E:onnxruntime:Default, env.cc:298 ThreadMain] pthread_setaffinity_np failed for thread: 231827, index: 5, mask: {3, }, error code: 22 error msg: Invalid argument. Specify the number of threads explicitly so the affinity is not set.[m
[1;31m2026-09-13 20:23:15.429331508 [E:onnxruntime:Default, env.cc:298 ThreadMain] pthread_setaffinity_np failed for thread: 231828, index: 6, mask: {67, }, error code: 22 error msg: Invalid argument. Specify the number of threads explicitly so the affinity is not set.[m
[1;31m2026-09-13 20:23:15.431831172 [E:onnxruntime:Default, env.cc:298 ThreadMain] pthread_setaffinity_np failed for thread: 231829, index: 7, mask: {4, }, error code: 22 error msg: Invalid argument. Specify the number of threads explicitly so the affinity is not set.[m
[1;31m2026-09-13 20:23:15.434297855 [E:onnxruntime:Default, env.cc:298 ThreadMain] pthread_setaffinity_np failed for thread: 231831, index: 9, mask: {5, }, error code: 22 error msg: Invalid argument. Specify the number of threads explicitly so the affinity is not set.[m
[1;31m2026-09-13 20:23:15.436891778 [E:onnxruntime:Default, env.cc:298 ThreadMain] pthread_setaffinity_np failed for thread: 231832, index: 10, mask: {69, }, error code: 22 error msg: Invalid argument. Specify the number of threads explicitly so the affinity is not set.[m
[1;31m2026-09-13 20:23:15.468296186 [E:onnxruntime:Default, env.cc:298 ThreadMain] pthread_setaffinity_np failed for thread: 231913, index: 91, mask: {46, }, error code: 22 error msg: Invalid argument. Specify the number of threads explicitly so the affinity is not set.[m
[1;31m2026-09-13 20:23:15.472246475 [E:onnxruntime:Default, env.cc:298 ThreadMain] pthread_setaffinity_np failed for thread: 231927, index: 105, mask: {53, }, error code: 22 error msg: Invalid argument. Specify the number of threads explicitly so the affinity is not set.[m
[1;31m2026-09-13 20:23:15.472341914 [E:onnxruntime:Default, env.cc:298 ThreadMain] pthread_setaffinity_np failed for thread: 231931, index: 109, mask: {55, }, error code: 22 error msg: Invalid argument. Specify the number of threads explicitly so the affinity is not set.[m
[1;31m2026-09-13 20:23:15.474775488 [E:onnxruntime:Default, env.cc:298 ThreadMain] pthread_setaffinity_np failed for thread: 231941, index: 119, mask: {60, }, error code: 22 error msg: Invalid argument. Specify the number of threads explicitly so the affinity is not set.[m
[1;31m2026-09-13 20:23:15.477234981 [E:onnxruntime:Default, env.cc:298 ThreadMain] pthread_setaffinity_np failed for thread: 231922, index: 100, mask: {114, }, error code: 22 error msg: Invalid argument. Specify the number of threads explicitly so the affinity is not set.[m
[1;31m2026-09-13 20:23:15.479692166 [E:onnxruntime:Default, env.cc:298 ThreadMain] pthread_setaffinity_np failed for thread: 231948, index: 126, mask: {127, }, error code: 22 error msg: Invalid argument. Specify the number of threads explicitly so the affinity is not set.[m
[1;31m2026-09-13 20:23:15.482181219 [E:onnxruntime:Default, env.cc:298 ThreadMain] pthread_setaffinity_np failed for thread: 231935, index: 113, mask: {57, }, error code: 22 error msg: Invalid argument. Specify the number of threads explicitly so the affinity is not set.[m
[1;31m2026-09-13 20:23:15.484634124 [E:onnxruntime:Default, env.cc:298 ThreadMain] pthread_setaffinity_np failed for thread: 231932, index: 110, mask: {119, }, error code: 22 error msg: Invalid argument. Specify the number of threads explicitly so the affinity is not set.[m
[1;31m2026-09-13 20:23:15.487125837 [E:onnxruntime:Default, env.cc:298 ThreadMain] pthread_setaffinity_np failed for thread: 231921, index: 99, mask: {50, }, error code: 22 error msg: Invalid argument. Specify the number of threads explicitly so the affinity is not set.[m
[1;31m2026-09-13 20:23:15.489661200 [E:onnxruntime:Default, env.cc:298 ThreadMain] pthread_setaffinity_np failed for thread: 231943, index: 121, mask: {61, }, error code: 22 error msg: Invalid argument. Specify the number of threads explicitly so the affinity is not set.[m
[1;31m2026-09-13 20:23:15.492323772 [E:onnxruntime:Default, env.cc:298 ThreadMain] pthread_setaffinity_np failed for thread: 231919, index: 97, mask: {49, }, error code: 22 error msg: Invalid argument. Specify the number of threads explicitly so the affinity is not set.[m
[1;31m2026-09-13 20:23:15.494761386 [E:onnxruntime:Default, env.cc:298 ThreadMain] pthread_setaffinity_np failed for thread: 231934, index: 112, mask: {120, }, error code: 22 error msg: Invalid argument. Specify the number of threads explicitly so the affinity is not set.[m
[1;31m2026-09-13 20:23:15.497263770 [E:onnxruntime:Default, env.cc:298 ThreadMain] pthread_setaffinity_np failed for thread: 231930, index: 108, mask: {118, }, error code: 22 error msg: Invalid argument. Specify the number of threads explicitly so the affinity is not set.[m
[1;31m2026-09-13 20:23:15.499950782 [E:onnxruntime:Default, env.cc:298 ThreadMain] pthread_setaffinity_np failed for thread: 231923, index: 101, mask: {51, }, error code: 22 error msg: Invalid argument. Specify the number of threads explicitly so the affinity is not set.[m
[1;31m2026-09-13 20:23:15.502563164 [E:onnxruntime:Default, env.cc:298 ThreadMain] pthread_setaffinity_np failed for thread: 231937, index: 115, mask: {58, }, error code: 22 error msg: Invalid argument. Specify the number of threads explicitly so the affinity is not set.[m
[1;31m2026-09-13 20:23:15.505108287 [E:onnxruntime:Default, env.cc:298 ThreadMain] pthread_setaffinity_np failed for thread: 231942, index: 120, mask: {124, }, error code: 22 error msg: Invalid argument. Specify the number of threads explicitly so the affinity is not set.[m
[1;31m2026-09-13 20:23:15.507553291 [E:onnxruntime:Default, env.cc:298 ThreadMain] pthread_setaffinity_np failed for thread: 231940, index: 118, mask: {123, }, error code: 22 error msg: Invalid argument. Specify the number of threads explicitly so the affinity is not set.[m
[1;31m2026-09-13 20:23:15.510041685 [E:onnxruntime:Default, env.cc:298 ThreadMain] pthread_setaffinity_np failed for thread: 231926, index: 104, mask: {116, }, error code: 22 error msg: Invalid argument. Specify the number of threads explicitly so the affinity is not set.[m
[1;31m2026-09-13 20:23:15.512518039 [E:onnxruntime:Default, env.cc:298 ThreadMain] pthread_setaffinity_np failed for thread: 231925, index: 103, mask: {52, }, error code: 22 error msg: Invalid argument. Specify the number of threads explicitly so the affinity is not set.[m
[1;31m2026-09-13 20:23:15.515032162 [E:onnxruntime:Default, env.cc:298 ThreadMain] pthread_setaffinity_np failed for thread: 231924, index: 102, mask: {115, }, error code: 22 error msg: Invalid argument. Specify the number of threads explicitly so the affinity is not set.[m
[1;31m2026-09-13 20:23:15.517516716 [E:onnxruntime:Default, env.cc:298 ThreadMain] pthread_setaffinity_np failed for thread: 231933, index: 111, mask: {56, }, error code: 22 error msg: Invalid argument. Specify the number of threads explicitly so the affinity is not set.[m
[1;31m2026-09-13 20:23:15.520021239 [E:onnxruntime:Default, env.cc:298 ThreadMain] pthread_setaffinity_np failed for thread: 231928, index: 106, mask: {117, }, error code: 22 error msg: Invalid argument. Specify the number of threads explicitly so the affinity is not set.[m
[1;31m2026-09-13 20:23:15.522527853 [E:onnxruntime:Default, env.cc:298 ThreadMain] pthread_setaffinity_np failed for thread: 231936, index: 114, mask: {121, }, error code: 22 error msg: Invalid argument. Specify the number of threads explicitly so the affinity is not set.[m
[1;31m2026-09-13 20:23:15.525014836 [E:onnxruntime:Default, env.cc:298 ThreadMain] pthread_setaffinity_np failed for thread: 231918, index: 96, mask: {112, }, error code: 22 error msg: Invalid argument. Specify the number of threads explicitly so the affinity is not set.[m
[1;31m2026-09-13 20:23:15.527514050 [E:onnxruntime:Default, env.cc:298 ThreadMain] pthread_setaffinity_np failed for thread: 231939, index: 117, mask: {59, }, error code: 22 error msg: Invalid argument. Specify the number of threads explicitly so the affinity is not set.[m
[1;31m2026-09-13 20:23:15.530022364 [E:onnxruntime:Default, env.cc:298 ThreadMain] pthread_setaffinity_np failed for thread: 231929, index: 107, mask: {54, }, error code: 22 error msg: Invalid argument. Specify the number of threads explicitly so the affinity is not set.[m
[1;31m2026-09-13 20:23:15.532580787 [E:onnxruntime:Default, env.cc:298 ThreadMain] pthread_setaffinity_np failed for thread: 231917, index: 95, mask: {48, }, error code: 22 error msg: Invalid argument. Specify the number of threads explicitly so the affinity is not set.[m
[1;31m2026-09-13 20:23:15.535067900 [E:onnxruntime:Default, env.cc:298 ThreadMain] pthread_setaffinity_np failed for thread: 231920, index: 98, mask: {113, }, error code: 22 error msg: Invalid argument. Specify the number of threads explicitly so the affinity is not set.[m
[1;31m2026-09-13 20:23:15.537585603 [E:onnxruntime:Default, env.cc:298 ThreadMain] pthread_setaffinity_np failed for thread: 231946, index: 124, mask: {126, }, error code: 22 error msg: Invalid argument. Specify the number of threads explicitly so the affinity is not set.[m
[1;31m2026-09-13 20:23:15.540097517 [E:onnxruntime:Default, env.cc:298 ThreadMain] pthread_setaffinity_np failed for thread: 231916, index: 94, mask: {111, }, error code: 22 error msg: Invalid argument. Specify the number of threads explicitly so the affinity is not set.[m
[1;31m2026-09-13 20:23:15.542586261 [E:onnxruntime:Default, env.cc:298 ThreadMain] pthread_setaffinity_np failed for thread: 231938, index: 116, mask: {122, }, error code: 22 error msg: Invalid argument. Specify the number of threads explicitly so the affinity is not set.[m
[1;31m2026-09-13 20:23:15.545038215 [E:onnxruntime:Default, env.cc:298 ThreadMain] pthread_setaffinity_np failed for thread: 231915, index: 93, mask: {47, }, error code: 22 error msg: Invalid argument. Specify the number of threads explicitly so the affinity is not set.[m
[1;31m2026-09-13 20:23:15.547511609 [E:onnxruntime:Default, env.cc:298 ThreadMain] pthread_setaffinity_np failed for thread: 231945, index: 123, mask: {62, }, error code: 22 error msg: Invalid argument. Specify the number of threads explicitly so the affinity is not set.[m
[1;31m2026-09-13 20:23:15.549996962 [E:onnxruntime:Default, env.cc:298 ThreadMain] pthread_setaffinity_np failed for thread: 231914, index: 92, mask: {110, }, error code: 22 error msg: Invalid argument. Specify the number of threads explicitly so the affinity is not set.[m
[1;31m2026-09-13 20:23:15.552500806 [E:onnxruntime:Default, env.cc:298 ThreadMain] pthread_setaffinity_np failed for thread: 231944, index: 122, mask: {125, }, error code: 22 error msg: Invalid argument. Specify the number of threads explicitly so the affinity is not set.[m
[1;31m2026-09-13 20:23:15.555009119 [E:onnxruntime:Default, env.cc:298 ThreadMain] pthread_setaffinity_np failed for thread: 231867, index: 45, mask: {23, }, error code: 22 error msg: Invalid argument. Specify the number of threads explicitly so the affinity is not set.[m
[1;31m2026-09-13 20:23:15.557469503 [E:onnxruntime:Default, env.cc:298 ThreadMain] pthread_setaffinity_np failed for thread: 231868, index: 46, mask: {87, }, error code: 22 error msg: Invalid argument. Specify the number of threads explicitly so the affinity is not set.[m
[1;31m2026-09-13 20:23:15.559949967 [E:onnxruntime:Default, env.cc:298 ThreadMain] pthread_setaffinity_np failed for thread: 231869, index: 47, mask: {24, }, error code: 22 error msg: Invalid argument. Specify the number of threads explicitly so the affinity is not set.[m
[1;31m2026-09-13 20:23:15.562517440 [E:onnxruntime:Default, env.cc:298 ThreadMain] pthread_setaffinity_np failed for thread: 231870, index: 48, mask: {88, }, error code: 22 error msg: Invalid argument. Specify the number of threads explicitly so the affinity is not set.[m
[1;31m2026-09-13 20:23:15.565010034 [E:onnxruntime:Default, env.cc:298 ThreadMain] pthread_setaffinity_np failed for thread: 231871, index: 49, mask: {25, }, error code: 22 error msg: Invalid argument. Specify the number of threads explicitly so the affinity is not set.[m
[1;31m2026-09-13 20:23:15.567507647 [E:onnxruntime:Default, env.cc:298 ThreadMain] pthread_setaffinity_np failed for thread: 231872, index: 50, mask: {89, }, error code: 22 error msg: Invalid argument. Specify the number of threads explicitly so the affinity is not set.[m
[1;31m2026-09-13 20:23:15.569988091 [E:onnxruntime:Default, env.cc:298 ThreadMain] pthread_setaffinity_np failed for thread: 231873, index: 51, mask: {26, }, error code: 22 error msg: Invalid argument. Specify the number of threads explicitly so the affinity is not set.[m
[1;31m2026-09-13 20:23:15.572520774 [E:onnxruntime:Default, env.cc:298 ThreadMain] pthread_setaffinity_np failed for thread: 231874, index: 52, mask: {90, }, error code: 22 error msg: Invalid argument. Specify the number of threads explicitly so the affinity is not set.[m
[1;31m2026-09-13 20:23:15.575028298 [E:onnxruntime:Default, env.cc:298 ThreadMain] pthread_setaffinity_np failed for thread: 231875, index: 53, mask: {27, }, error code: 22 error msg: Invalid argument. Specify the number of threads explicitly so the affinity is not set.[m
[1;31m2026-09-13 20:23:15.584248770 [E:onnxruntime:Default, env.cc:298 ThreadMain] pthread_setaffinity_np failed for thread: 231877, index: 55, mask: {28, }, error code: 22 error msg: Invalid argument. Specify the number of threads explicitly so the affinity is not set.[m
[1;31m2026-09-13 20:23:15.588268418 [E:onnxruntime:Default, env.cc:298 ThreadMain] pthread_setaffinity_np failed for thread: 231878, index: 56, mask: {92, }, error code: 22 error msg: Invalid argument. Specify the number of threads explicitly so the affinity is not set.[m
[1;31m2026-09-13 20:23:15.592254496 [E:onnxruntime:Default, env.cc:298 ThreadMain] pthread_setaffinity_np failed for thread: 231879, index: 57, mask: {29, }, error code: 22 error msg: Invalid argument. Specify the number of threads explicitly so the affinity is not set.[m
[1;31m2026-09-13 20:23:15.596255943 [E:onnxruntime:Default, env.cc:298 ThreadMain] pthread_setaffinity_np failed for thread: 231880, index: 58, mask: {93, }, error code: 22 error msg: Invalid argument. Specify the number of threads explicitly so the affinity is not set.[m
[1;31m2026-09-13 20:23:15.598100484 [E:onnxruntime:Default, env.cc:298 ThreadMain] pthread_setaffinity_np failed for thread: 231839, index: 17, mask: {9, }, error code: 22 error msg: Invalid argument. Specify the number of threads explicitly so the affinity is not set.[m
[1;31m2026-09-13 20:23:15.600612647 [E:onnxruntime:Default, env.cc:298 ThreadMain] pthread_setaffinity_np failed for thread: 231840, index: 18, mask: {73, }, error code: 22 error msg: Invalid argument. Specify the number of threads explicitly so the affinity is not set.[m
[1;31m2026-09-13 20:23:15.603292879 [E:onnxruntime:Default, env.cc:298 ThreadMain] pthread_setaffinity_np failed for thread: 231841, index: 19, mask: {10, }, error code: 22 error msg: Invalid argument. Specify the number of threads explicitly so the affinity is not set.[m
[1;31m2026-09-13 20:23:15.605760133 [E:onnxruntime:Default, env.cc:298 ThreadMain] pthread_setaffinity_np failed for thread: 231842, index: 20, mask: {74, }, error code: 22 error msg: Invalid argument. Specify the number of threads explicitly so the affinity is not set.[m
[1;31m2026-09-13 20:23:15.608217577 [E:onnxruntime:Default, env.cc:298 ThreadMain] pthread_setaffinity_np failed for thread: 231843, index: 21, mask: {11, }, error code: 22 error msg: Invalid argument. Specify the number of threads explicitly so the affinity is not set.[m
[1;31m2026-09-13 20:23:15.610646961 [E:onnxruntime:Default, env.cc:298 ThreadMain] pthread_setaffinity_np failed for thread: 231844, index: 22, mask: {75, }, error code: 22 error msg: Invalid argument. Specify the number of threads explicitly so the affinity is not set.[m
[1;31m2026-09-13 20:23:15.613235294 [E:onnxruntime:Default, env.cc:298 ThreadMain] pthread_setaffinity_np failed for thread: 231845, index: 23, mask: {12, }, error code: 22 error msg: Invalid argument. Specify the number of threads explicitly so the affinity is not set.[m
[1;31m2026-09-13 20:23:15.615715238 [E:onnxruntime:Default, env.cc:298 ThreadMain] pthread_setaffinity_np failed for thread: 231846, index: 24, mask: {76, }, error code: 22 error msg: Invalid argument. Specify the number of threads explicitly so the affinity is not set.[m
[1;31m2026-09-13 20:23:15.618171302 [E:onnxruntime:Default, env.cc:298 ThreadMain] pthread_setaffinity_np failed for thread: 231847, index: 25, mask: {13, }, error code: 22 error msg: Invalid argument. Specify the number of threads explicitly so the affinity is not set.[m
[1;31m2026-09-13 20:23:15.620742735 [E:onnxruntime:Default, env.cc:298 ThreadMain] pthread_setaffinity_np failed for thread: 231848, index: 26, mask: {77, }, error code: 22 error msg: Invalid argument. Specify the number of threads explicitly so the affinity is not set.[m
[1;31m2026-09-13 20:23:15.623222168 [E:onnxruntime:Default, env.cc:298 ThreadMain] pthread_setaffinity_np failed for thread: 231849, index: 27, mask: {14, }, error code: 22 error msg: Invalid argument. Specify the number of threads explicitly so the affinity is not set.[m
[1;31m2026-09-13 20:23:15.625704352 [E:onnxruntime:Default, env.cc:298 ThreadMain] pthread_setaffinity_np failed for thread: 231850, index: 28, mask: {78, }, error code: 22 error msg: Invalid argument. Specify the number of threads explicitly so the affinity is not set.[m
[1;31m2026-09-13 20:23:15.628180476 [E:onnxruntime:Default, env.cc:298 ThreadMain] pthread_setaffinity_np failed for thread: 231851, index: 29, mask: {15, }, error code: 22 error msg: Invalid argument. Specify the number of threads explicitly so the affinity is not set.[m
[1;31m2026-09-13 20:23:15.630640750 [E:onnxruntime:Default, env.cc:298 ThreadMain] pthread_setaffinity_np failed for thread: 231852, index: 30, mask: {79, }, error code: 22 error msg: Invalid argument. Specify the number of threads explicitly so the affinity is not set.[m
[1;31m2026-09-13 20:23:15.633148373 [E:onnxruntime:Default, env.cc:298 ThreadMain] pthread_setaffinity_np failed for thread: 231853, index: 31, mask: {16, }, error code: 22 error msg: Invalid argument. Specify the number of threads explicitly so the affinity is not set.[m
[1;31m2026-09-13 20:23:15.635624277 [E:onnxruntime:Default, env.cc:298 ThreadMain] pthread_setaffinity_np failed for thread: 231854, index: 32, mask: {80, }, error code: 22 error msg: Invalid argument. Specify the number of threads explicitly so the affinity is not set.[m
[1;31m2026-09-13 20:23:15.638098451 [E:onnxruntime:Default, env.cc:298 ThreadMain] pthread_setaffinity_np failed for thread: 231855, index: 33, mask: {17, }, error code: 22 error msg: Invalid argument. Specify the number of threads explicitly so the affinity is not set.[m
[1;31m2026-09-13 20:23:15.640598724 [E:onnxruntime:Default, env.cc:298 ThreadMain] pthread_setaffinity_np failed for thread: 231856, index: 34, mask: {81, }, error code: 22 error msg: Invalid argument. Specify the number of threads explicitly so the affinity is not set.[m
[1;31m2026-09-13 20:23:15.643068558 [E:onnxruntime:Default, env.cc:298 ThreadMain] pthread_setaffinity_np failed for thread: 231857, index: 35, mask: {18, }, error code: 22 error msg: Invalid argument. Specify the number of threads explicitly so the affinity is not set.[m
[1;31m2026-09-13 20:23:15.645531152 [E:onnxruntime:Default, env.cc:298 ThreadMain] pthread_setaffinity_np failed for thread: 231858, index: 36, mask: {82, }, error code: 22 error msg: Invalid argument. Specify the number of threads explicitly so the affinity is not set.[m
[1;31m2026-09-13 20:23:15.648024406 [E:onnxruntime:Default, env.cc:298 ThreadMain] pthread_setaffinity_np failed for thread: 231859, index: 37, mask: {19, }, error code: 22 error msg: Invalid argument. Specify the number of threads explicitly so the affinity is not set.[m
[1;31m2026-09-13 20:23:15.650546200 [E:onnxruntime:Default, env.cc:298 ThreadMain] pthread_setaffinity_np failed for thread: 231860, index: 38, mask: {83, }, error code: 22 error msg: Invalid argument. Specify the number of threads explicitly so the affinity is not set.[m
[1;31m2026-09-13 20:23:15.652850435 [E:onnxruntime:Default, env.cc:298 ThreadMain] pthread_setaffinity_np failed for thread: 231861, index: 39, mask: {20, }, error code: 22 error msg: Invalid argument. Specify the number of threads explicitly so the affinity is not set.[m
[1;31m2026-09-13 20:23:15.655318769 [E:onnxruntime:Default, env.cc:298 ThreadMain] pthread_setaffinity_np failed for thread: 231862, index: 40, mask: {84, }, error code: 22 error msg: Invalid argument. Specify the number of threads explicitly so the affinity is not set.[m
[1;31m2026-09-13 20:23:15.657667284 [E:onnxruntime:Default, env.cc:298 ThreadMain] pthread_setaffinity_np failed for thread: 231863, index: 41, mask: {21, }, error code: 22 error msg: Invalid argument. Specify the number of threads explicitly so the affinity is not set.[m
[1;31m2026-09-13 20:23:15.660115478 [E:onnxruntime:Default, env.cc:298 ThreadMain] pthread_setaffinity_np failed for thread: 231864, index: 42, mask: {85, }, error code: 22 error msg: Invalid argument. Specify the number of threads explicitly so the affinity is not set.[m
[1;31m2026-09-13 20:23:15.662580182 [E:onnxruntime:Default, env.cc:298 ThreadMain] pthread_setaffinity_np failed for thread: 231865, index: 43, mask: {22, }, error code: 22 error msg: Invalid argument. Specify the number of threads explicitly so the affinity is not set.[m
[1;31m2026-09-13 20:23:15.665047186 [E:onnxruntime:Default, env.cc:298 ThreadMain] pthread_setaffinity_np failed for thread: 231866, index: 44, mask: {86, }, error code: 22 error msg: Invalid argument. Specify the number of threads explicitly so the affinity is not set.[m
[1;31m2026-09-13 20:23:15.667514770 [E:onnxruntime:Default, env.cc:298 ThreadMain] pthread_setaffinity_np failed for thread: 231882, index: 60, mask: {94, }, error code: 22 error msg: Invalid argument. Specify the number of threads explicitly so the affinity is not set.[m
[1;31m2026-09-13 20:23:15.669974004 [E:onnxruntime:Default, env.cc:298 ThreadMain] pthread_setaffinity_np failed for thread: 231883, index: 61, mask: {31, }, error code: 22 error msg: Invalid argument. Specify the number of threads explicitly so the affinity is not set.[m
[1;31m2026-09-13 20:23:15.672413148 [E:onnxruntime:Default, env.cc:298 ThreadMain] pthread_setaffinity_np failed for thread: 231884, index: 62, mask: {95, }, error code: 22 error msg: Invalid argument. Specify the number of threads explicitly so the affinity is not set.[m
[1;31m2026-09-13 20:23:15.675015061 [E:onnxruntime:Default, env.cc:298 ThreadMain] pthread_setaffinity_np failed for thread: 231885, index: 63, mask: {32, }, error code: 22 error msg: Invalid argument. Specify the number of threads explicitly so the affinity is not set.[m
[1;31m2026-09-13 20:23:15.676310287 [E:onnxruntime:Default, env.cc:298 ThreadMain] pthread_setaffinity_np failed for thread: 231886, index: 64, mask: {96, }, error code: 22 error msg: Invalid argument. Specify the number of threads explicitly so the affinity is not set.[m
[1;31m2026-09-13 20:23:15.677639733 [E:onnxruntime:Default, env.cc:298 ThreadMain] pthread_setaffinity_np failed for thread: 231887, index: 65, mask: {33, }, error code: 22 error msg: Invalid argument. Specify the number of threads explicitly so the affinity is not set.[m
[1;31m2026-09-13 20:23:15.680202536 [E:onnxruntime:Default, env.cc:298 ThreadMain] pthread_setaffinity_np failed for thread: 231888, index: 66, mask: {97, }, error code: 22 error msg: Invalid argument. Specify the number of threads explicitly so the affinity is not set.[m
[1;31m2026-09-13 20:23:15.682730729 [E:onnxruntime:Default, env.cc:298 ThreadMain] pthread_setaffinity_np failed for thread: 231889, index: 67, mask: {34, }, error code: 22 error msg: Invalid argument. Specify the number of threads explicitly so the affinity is not set.[m
[1;31m2026-09-13 20:23:15.685256282 [E:onnxruntime:Default, env.cc:298 ThreadMain] pthread_setaffinity_np failed for thread: 231890, index: 68, mask: {98, }, error code: 22 error msg: Invalid argument. Specify the number of threads explicitly so the affinity is not set.[m
[1;31m2026-09-13 20:23:15.687707826 [E:onnxruntime:Default, env.cc:298 ThreadMain] pthread_setaffinity_np failed for thread: 231891, index: 69, mask: {35, }, error code: 22 error msg: Invalid argument. Specify the number of threads explicitly so the affinity is not set.[m
[1;31m2026-09-13 20:23:15.690167760 [E:onnxruntime:Default, env.cc:298 ThreadMain] pthread_setaffinity_np failed for thread: 231892, index: 70, mask: {99, }, error code: 22 error msg: Invalid argument. Specify the number of threads explicitly so the affinity is not set.[m
[1;31m2026-09-13 20:23:15.692670424 [E:onnxruntime:Default, env.cc:298 ThreadMain] pthread_setaffinity_np failed for thread: 231893, index: 71, mask: {36, }, error code: 22 error msg: Invalid argument. Specify the number of threads explicitly so the affinity is not set.[m
[1;31m2026-09-13 20:23:15.695136478 [E:onnxruntime:Default, env.cc:298 ThreadMain] pthread_setaffinity_np failed for thread: 231894, index: 72, mask: {100, }, error code: 22 error msg: Invalid argument. Specify the number of threads explicitly so the affinity is not set.[m
[1;31m2026-09-13 20:23:15.697627512 [E:onnxruntime:Default, env.cc:298 ThreadMain] pthread_setaffinity_np failed for thread: 231895, index: 73, mask: {37, }, error code: 22 error msg: Invalid argument. Specify the number of threads explicitly so the affinity is not set.[m
[1;31m2026-09-13 20:23:15.700091475 [E:onnxruntime:Default, env.cc:298 ThreadMain] pthread_setaffinity_np failed for thread: 231896, index: 74, mask: {101, }, error code: 22 error msg: Invalid argument. Specify the number of threads explicitly so the affinity is not set.[m
[1;31m2026-09-13 20:23:15.702606839 [E:onnxruntime:Default, env.cc:298 ThreadMain] pthread_setaffinity_np failed for thread: 231897, index: 75, mask: {38, }, error code: 22 error msg: Invalid argument. Specify the number of threads explicitly so the affinity is not set.[m
[1;31m2026-09-13 20:23:15.704401360 [E:onnxruntime:Default, env.cc:298 ThreadMain] pthread_setaffinity_np failed for thread: 231898, index: 76, mask: {102, }, error code: 22 error msg: Invalid argument. Specify the number of threads explicitly so the affinity is not set.[m
[1;31m2026-09-13 20:23:15.708252589 [E:onnxruntime:Default, env.cc:298 ThreadMain] pthread_setaffinity_np failed for thread: 231899, index: 77, mask: {39, }, error code: 22 error msg: Invalid argument. Specify the number of threads explicitly so the affinity is not set.[m
[1;31m2026-09-13 20:23:15.712243187 [E:onnxruntime:Default, env.cc:298 ThreadMain] pthread_setaffinity_np failed for thread: 231900, index: 78, mask: {103, }, error code: 22 error msg: Invalid argument. Specify the number of threads explicitly so the affinity is not set.[m
[1;31m2026-09-13 20:23:15.716251034 [E:onnxruntime:Default, env.cc:298 ThreadMain] pthread_setaffinity_np failed for thread: 231901, index: 79, mask: {40, }, error code: 22 error msg: Invalid argument. Specify the number of threads explicitly so the affinity is not set.[m
[1;31m2026-09-13 20:23:15.720246312 [E:onnxruntime:Default, env.cc:298 ThreadMain] pthread_setaffinity_np failed for thread: 231902, index: 80, mask: {104, }, error code: 22 error msg: Invalid argument. Specify the number of threads explicitly so the affinity is not set.[m
[1;31m2026-09-13 20:23:15.723819695 [E:onnxruntime:Default, env.cc:298 ThreadMain] pthread_setaffinity_np failed for thread: 231903, index: 81, mask: {41, }, error code: 22 error msg: Invalid argument. Specify the number of threads explicitly so the affinity is not set.[m
[1;31m2026-09-13 20:23:15.726353558 [E:onnxruntime:Default, env.cc:298 ThreadMain] pthread_setaffinity_np failed for thread: 231904, index: 82, mask: {105, }, error code: 22 error msg: Invalid argument. Specify the number of threads explicitly so the affinity is not set.[m
[1;31m2026-09-13 20:23:15.728815751 [E:onnxruntime:Default, env.cc:298 ThreadMain] pthread_setaffinity_np failed for thread: 231905, index: 83, mask: {42, }, error code: 22 error msg: Invalid argument. Specify the number of threads explicitly so the affinity is not set.[m
[1;31m2026-09-13 20:23:15.731453304 [E:onnxruntime:Default, env.cc:298 ThreadMain] pthread_setaffinity_np failed for thread: 231906, index: 84, mask: {106, }, error code: 22 error msg: Invalid argument. Specify the number of threads explicitly so the affinity is not set.[m
[1;31m2026-09-13 20:23:15.734094736 [E:onnxruntime:Default, env.cc:298 ThreadMain] pthread_setaffinity_np failed for thread: 231907, index: 85, mask: {43, }, error code: 22 error msg: Invalid argument. Specify the number of threads explicitly so the affinity is not set.[m
[1;31m2026-09-13 20:23:15.736555110 [E:onnxruntime:Default, env.cc:298 ThreadMain] pthread_setaffinity_np failed for thread: 231908, index: 86, mask: {107, }, error code: 22 error msg: Invalid argument. Specify the number of threads explicitly so the affinity is not set.[m
[1;31m2026-09-13 20:23:15.739043864 [E:onnxruntime:Default, env.cc:298 ThreadMain] pthread_setaffinity_np failed for thread: 231909, index: 87, mask: {44, }, error code: 22 error msg: Invalid argument. Specify the number of threads explicitly so the affinity is not set.[m
[1;31m2026-09-13 20:23:15.744266258 [E:onnxruntime:Default, env.cc:298 ThreadMain] pthread_setaffinity_np failed for thread: 231881, index: 59, mask: {30, }, error code: 22 error msg: Invalid argument. Specify the number of threads explicitly so the affinity is not set.[m
[1;31m2026-09-13 20:23:15.468256567 [E:onnxruntime:Default, env.cc:298 ThreadMain] pthread_setaffinity_np failed for thread: 231911, index: 89, mask: {45, }, error code: 22 error msg: Invalid argument. Specify the number of threads explicitly so the affinity is not set.[m
[1;31m2026-09-13 20:23:15.580320891 [E:onnxruntime:Default, env.cc:298 ThreadMain] pthread_setaffinity_np failed for thread: 231876, index: 54, mask: {91, }, error code: 22 error msg: Invalid argument. Specify the number of threads explicitly so the affinity is not set.[m
[1;31m2026-09-13 20:23:15.499932632 [E:onnxruntime:Default, env.cc:298 ThreadMain] pthread_setaffinity_np failed for thread: 231947, index: 125, mask: {63, }, error code: 22 error msg: Invalid argument. Specify the number of threads explicitly so the affinity is not set.[m
[1;31m2026-09-13 20:23:15.751447143 [E:onnxruntime:Default, env.cc:298 ThreadMain] pthread_setaffinity_np failed for thread: 231910, index: 88, mask: {108, }, error code: 22 error msg: Invalid argument. Specify the number of threads explicitly so the affinity is not set.[m
[1;31m2026-09-13 20:23:15.753921837 [E:onnxruntime:Default, env.cc:298 ThreadMain] pthread_setaffinity_np failed for thread: 231912, index: 90, mask: {109, }, error code: 22 error msg: Invalid argument. Specify the number of threads explicitly so the affinity is not set.[m
[0;93m2026-09-13 20:23:15.762152559 [W:onnxruntime:Default, onnxruntime_pybind_state.cc:855 operator()] No registered plugin EP device found for 'CUDAExecutionProvider' with device_id=0[m
[1;31m2026-09-13 20:23:15.814906522 [E:onnxruntime:Default, provider_bridge_ort.cc:2395 TryGetProviderInfo_CUDA] /onnxruntime_src/onnxruntime/core/session/provider_bridge_ort.cc:1988 onnxruntime::Provider& onnxruntime::ProviderLibrary::Get() [ONNXRuntimeError] : 1 : FAIL : Failed to load library /data/home/scxm177/run/dlxvenv/lib/python3.13/site-packages/onnxruntime/capi/libonnxruntime_providers_cuda.so with error: libcublasLt.so.13: cannot open shared object file: No such file or directory
[m
[0;93m2026-09-13 20:23:15.814925912 [W:onnxruntime:Default, onnxruntime_pybind_state.cc:1294 CreateExecutionProviderFactoryInstance] Failed to create CUDAExecutionProvider. Require cuDNN 9.* and CUDA 13.*. Please install all dependencies as mentioned in the GPU requirements page (https://onnxruntime.ai/docs/execution-providers/CUDA-ExecutionProvider.html#requirements), make sure they're in the PATH, and that your GPU is supported.[m

